I'm sorry, but errors were detected in your script. Please correct the
errors listed below, and try again.


File "game/script.rpy", line 49: expected end of line
    play music "audio/Heartbeats_Fast.ogg" loop fade out 1
                                                ^

Ren'Py Version: Ren'Py 8.0.3.22090809
Tue Feb  7 14:02:36 2023
